17:08:37 **** Incremental Build of configuration Debug for project Demo ****
make -j12 all 
arm-none-eabi-gcc "../Core/Src/schedular.c" -mcpu=cortex-m3 -std=gnu11 -g3 -DDEBUG -DUSE_HAL_DRIVER -DSTM32F103xB -c -I../Core/Inc -I../Drivers/STM32F1xx_HAL_Driver/Inc -I../Drivers/STM32F1xx_HAL_Driver/Inc/Legacy -I../Drivers/CMSIS/Device/ST/STM32F1xx/Include -I../Drivers/CMSIS/Include -O0 -ffunction-sections -fdata-sections -Wall -fstack-usage -MMD -MP -MF"Core/Src/schedular.d" -MT"Core/Src/schedular.o" --specs=nano.specs -mfloat-abi=soft -mthumb -o "Core/Src/schedular.o"
arm-none-eabi-gcc -o "Demo.elf" @"objects.list"   -mcpu=cortex-m3 -T"D:\University of Technology\IoT Developememt\STM32Cube\Demo\STM32F103RBTX_FLASH.ld" --specs=nosys.specs -Wl,-Map="Demo.map" -Wl,--gc-sections -static --specs=nano.specs -mfloat-abi=soft -mthumb -Wl,--start-group -lc -lm -Wl,--end-group
Finished building target: Demo.elf
 
arm-none-eabi-size   Demo.elf 
arm-none-eabi-objdump -h -S  Demo.elf  > "Demo.list"
arm-none-eabi-objcopy  -O ihex  Demo.elf  "Demo.hex"
   text	   data	    bss	    dec	    hex	filename
   8912	     20	   1916	  10848	   2a60	Demo.elf
arm-none-eabi-objcopy  -O binary  Demo.elf  "Demo.bin"
Finished building: default.size.stdout
 
Finished building: Demo.hex
Finished building: Demo.bin
 
 
Finished building: Demo.list
 
